
> build
> vite build

[36mvite v7.3.1 [32mbuilding client environment for production...[36m[39m
transforming...
[32mΓ£ô[39m 1 modules transformed.
node.exe : [31mΓ£ù[39m 
Build failed in 64ms
At C:\Program 
Files\nodejs\npm.ps1:29 
char:3
+   & $NODE_EXE 
$NPM_CLI_JS $args
+   ~~~~~~~~~~~~~~~~~~~~~~~
~~~~~~
    + CategoryInfo         
     : NotSpecified: ([3  
  1mΓ£ù[39m Build faile   
 d in 64ms:String) [],     
RemoteException
    + FullyQualifiedErrorI 
   d : NativeCommandError
 
[31merror during build:
[31m[@tailwindcss/vite:gen
erate:build] Cannot apply 
unknown utility class 
`gold-gradient`[31m
file: [36mD:/smartindia pr
ojects/adees/resources/css/
app.css[31m
    at onInvalidCandidate (
file:///D:/smartindia%20pro
jects/adees/node_modules/ta
ilwindcss/dist/chunk-F4544Y
4M.mjs:21:1511)
    at $e (file:///D:/smart
india%20projects/adees/node
_modules/tailwindcss/dist/c
hunk-F4544Y4M.mjs:16:36740)
    at file:///D:/smartindi
a%20projects/adees/node_mod
ules/tailwindcss/dist/chunk
-F4544Y4M.mjs:21:355
    at Cr (file:///D:/smart
india%20projects/adees/node
_modules/tailwindcss/dist/c
hunk-F4544Y4M.mjs:3:1733)
    at _ (file:///D:/smarti
ndia%20projects/adees/node_
modules/tailwindcss/dist/ch
unk-F4544Y4M.mjs:3:1377)
    at Ce (file:///D:/smart
india%20projects/adees/node
_modules/tailwindcss/dist/c
hunk-F4544Y4M.mjs:21:172)
    at Zi (file:///D:/smart
india%20projects/adees/node
_modules/tailwindcss/dist/c
hunk-F4544Y4M.mjs:38:294)
    at async ua (file:///D:
/smartindia%20projects/adee
s/node_modules/tailwindcss/
dist/chunk-F4544Y4M.mjs:38:
631)
    at async yf (file:///D:
/smartindia%20projects/adee
s/node_modules/tailwindcss/
dist/chunk-F4544Y4M.mjs:38:
1406)
    at async uu (file:///D:
/smartindia%20projects/adee
s/node_modules/@tailwindcss
/node/dist/index.mjs:10:345
7)[39m
